Teste 1: Import SQLAlchemy...
